// Jest Snapshot v1, https://goo.gl/fbAQLP

exports[`Combined Order item should render correctly 1`] = `
<div>
  <p>
    230
     kg for Â£
    22
  </p>
</div>
`;
