// Jest Snapshot v1, https://goo.gl/fbAQLP

exports[` 1`] = `
<div>
  <h1>
    SilverBars Marketplace
  </h1>
  <h2>
    Live order board
  </h2>
</div>
`;
