// Jest Snapshot v1, https://goo.gl/fbAQLP

exports[`Expense item should render correctly 1`] = `
<div>
  <p>
    <span>
      1
       
    </span>
    <span>
      22
       
    </span>
    <span>
      230
       
    </span>
    <span>
      BUY
       
    </span>
  </p>
</div>
`;
